// 重构日志: e15df6f3
// 同步 ID: 444be4ff @ Fri Jul 17 12:38:55 UTC 2026
// 重构日志: b5948fb3
// 重构日志: 19114f4f
// 重构日志: 7dcaa3ed
// 同步 ID: 945a009e @ Fri Jul 24 18:15:21 UTC 2026
// 重构日志: 11d28445
// 重构日志: 2afcb296
// 同步 ID: 09e69bbf @ Tue Jul 28 10:51:52 UTC 2026
// 重构日志: 41d35b03
// 重构日志: 12beab50
// 重构日志: 51086e74
// 重构日志: 34bcb17f
// 重构日志: 3c899ad5
// 重构日志: 012d3d0c
// 同步 ID: 6f8d1c30 @ Fri Jul 31 01:35:57 UTC 2026
// 同步 ID: 60cb40aa @ Fri Jul 31 05:23:26 UTC 2026
// 重构日志: 1ab48003
// 同步 ID: e44a9d27 @ Sun Aug  2 04:09:40 UTC 2026
// 同步 ID: 4a92fe0d @ Sun Aug  2 09:29:32 UTC 2026
// 重构日志: dc7d8851
// 同步 ID: ee39f726 @ Tue Aug  4 12:48:17 UTC 2026
// 同步 ID: 04223797 @ Wed Aug  5 01:13:10 UTC 2026
// 重构日志: 63077abb
// 重构日志: ce57acbf
// 重构日志: 78ea58ac
// 重构日志: 65bcb359
// 重构日志: f83b13a3
// 重构日志: e6308b7d
// 同步 ID: 9333ec1a @ Fri Aug  7 08:01:56 UTC 2026
// 重构日志: edad5e7c
// 重构日志: 036bfbef
